Job runs on node:
lrdn4985
0.04356372
0.017400445
0.020610683
0.03228383
0.04574221
0.059802946
0.082711756
0.10483959
0.124587245
0.13254547
0.13315429
0.13019262
0.12557544
0.1202721
0.114775956
0.109338716
0.104086824
0.09908006
0.0943467
0.08988593
0.08569053
0.08174811
0.078043774
0.074561745
0.07325464
model ('out_em4/out_8to1/5/weights(8)(7)_1.npy', 'out_em4/out_8to1/5/loss_train_(8)(7)_1.npy', 'out_em4/out_8to1/5/loss_val(8)(7)_1.npy', 'weights(8)(7)_1.npy') completed
0.09140499
0.095688514
0.064225614
0.043730214
0.03409215
0.050823387
0.071469724
0.09915188
0.115778476
0.12033284
0.11822869
0.11291708
0.106204465
0.09902789
0.09411147
0.08920634
0.084440514
0.07987737
0.078443736
0.07711791
0.07580901
0.07452997
0.07328869
0.072089724
0.070947126
model ('out_em4/out_8to1/5/weights(8)(7)_2.npy', 'out_em4/out_8to1/5/loss_train_(8)(7)_2.npy', 'out_em4/out_8to1/5/loss_val(8)(7)_2.npy', 'weights(8)(7)_2.npy') completed
0.5281676
0.4684424
0.42731714
0.38000152
0.32549644
0.26253065
0.22447607
0.17423216
0.14011979
0.13412517
0.13487583
0.13140872
0.12628631
0.124713734
0.12197806
0.1198037
0.12244497
0.1277138
0.13545169
0.14241591
0.14871913
0.15445267
0.15969127
0.16449708
0.16892192
model ('out_em4/out_8to1/5/weights(8)(7)_3.npy', 'out_em4/out_8to1/5/loss_train_(8)(7)_3.npy', 'out_em4/out_8to1/5/loss_val(8)(7)_3.npy', 'weights(8)(7)_3.npy') completed
0.05037539
0.04591685
0.030991843
0.027814023
0.038825594
0.052152116
0.078426935
0.10242273
0.11366636
0.11537194
0.112345114
0.10735413
0.101731665
0.096270345
0.0918754
0.08753879
0.08339805
0.079495
0.075845286
0.07533681
0.07512716
0.074892335
0.07465767
0.07447269
0.07651873
model ('out_em4/out_8to1/5/weights(8)(7)_0.npy', 'out_em4/out_8to1/5/loss_train_(8)(7)_0.npy', 'out_em4/out_8to1/5/loss_val(8)(7)_0.npy', 'weights(8)(7)_0.npy') completed
0.59279984
0.48754662
0.4208454
0.3585213
0.30123967
0.24701664
0.20824224
0.2036848
0.21298034
0.20855628
0.19881202
0.188629
0.17766237
0.17846696
0.18776079
0.19759902
0.2063732
0.214558
0.22174916
0.22813007
0.23383938
0.23898439
0.24364959
0.2489789
0.25457624
model ('out_em4/out_8to2/5/weights(8)(6)_1.npy', 'out_em4/out_8to2/5/loss_train_(8)(6)_1.npy', 'out_em4/out_8to2/5/loss_val(8)(6)_1.npy', 'weights(8)(6)_1.npy') completed
0.6987945
0.3398139
0.25525212
0.18706845
0.14869326
0.123041645
0.15414155
0.1722086
0.1758633
0.17390844
0.17076029
0.17393433
0.18668285
0.1994579
0.2103117
0.21970148
0.23014551
0.2396272
0.24797088
0.25633693
0.26923162
0.28107065
0.2919743
0.3020463
0.311376
model ('out_em4/out_8to2/5/weights(8)(6)_0.npy', 'out_em4/out_8to2/5/loss_train_(8)(6)_0.npy', 'out_em4/out_8to2/5/loss_val(8)(6)_0.npy', 'weights(8)(6)_0.npy') completed
1.1657233
1.1206381
1.0416958
0.952235
0.8455515
0.71078855
0.5652603
0.48515564
0.41404393
0.35380366
0.30368108
0.26322874
0.2510196
0.23918317
0.23558113
0.24004857
0.24298017
0.24483112
0.24590994
0.2464309
0.24654563
0.24636321
0.24596325
0.24540457
0.24473104
model ('out_em4/out_8to2/5/weights(8)(6)_2.npy', 'out_em4/out_8to2/5/loss_train_(8)(6)_2.npy', 'out_em4/out_8to2/5/loss_val(8)(6)_2.npy', 'weights(8)(6)_2.npy') completed
0.79420334
0.9671768
0.8817555
0.7799106
0.6619761
0.52095205
0.36727124
0.29588762
0.23665994
0.19803725
0.17964754
0.17103024
0.16705301
0.16251442
0.15758482
0.15263812
0.15868475
0.1655891
0.17166299
0.1770492
0.18185927
0.18618132
0.19008638
0.1936321
0.196866
model ('out_em4/out_8to2/5/weights(8)(6)_3.npy', 'out_em4/out_8to2/5/loss_train_(8)(6)_3.npy', 'out_em4/out_8to2/5/loss_val(8)(6)_3.npy', 'weights(8)(6)_3.npy') completed
1.2030507
1.374413
1.2761471
1.1540368
0.9942626
0.85203904
0.7144295
0.58705664
0.5287721
0.49174654
0.45758307
0.42646754
0.3983997
0.39321524
0.39640695
0.39774027
0.39788672
0.4028675
0.40800747
0.41235554
0.41607833
0.41929936
0.4282254
0.43906274
0.44902152
model ('out_em4/out_8to3/5/weights(8)(5)_1.npy', 'out_em4/out_8to3/5/loss_train_(8)(5)_1.npy', 'out_em4/out_8to3/5/loss_val(8)(5)_1.npy', 'weights(8)(5)_1.npy') completed
1.6899962
1.5807552
1.3989835
1.1988556
0.98351896
0.77469915
0.6543988
0.5732745
0.50693214
0.44928226
0.39814842
0.352705
0.33067888
0.32581884
0.32085028
0.3231517
0.32403314
0.32401347
0.32341868
0.32671013
0.33280784
0.33814445
0.34285134
0.34703168
0.3507673
model ('out_em4/out_8to3/5/weights(8)(5)_0.npy', 'out_em4/out_8to3/5/loss_train_(8)(5)_0.npy', 'out_em4/out_8to3/5/loss_val(8)(5)_0.npy', 'weights(8)(5)_0.npy') completed
1.259244
1.7604375
1.6924186
1.5965428
1.4591194
1.2466711
0.97712
0.74558276
0.57075393
0.45491856
0.41192806
0.42227674
0.42541596
0.4321659
0.43942523
0.44540754
0.450571
0.4552724
0.4592547
0.4626729
0.4656398
0.46824
0.47053778
0.4725833
0.476532
model ('out_em4/out_8to3/5/weights(8)(5)_3.npy', 'out_em4/out_8to3/5/loss_train_(8)(5)_3.npy', 'out_em4/out_8to3/5/loss_val(8)(5)_3.npy', 'weights(8)(5)_3.npy') completed
0.6344348
1.1892146
1.0943116
0.9873587
0.8827271
0.7511184
0.6063522
0.47641024
0.41122133
0.40622157
0.41756257
0.4234208
0.42588425
0.4427223
0.45619673
0.4672157
0.47638887
0.4841398
0.49077207
0.49650848
0.50476336
0.51674426
0.5275224
0.53802365
0.54790866
model ('out_em4/out_8to3/5/weights(8)(5)_2.npy', 'out_em4/out_8to3/5/loss_train_(8)(5)_2.npy', 'out_em4/out_8to3/5/loss_val(8)(5)_2.npy', 'weights(8)(5)_2.npy') completed
2.8008354
2.445593
2.367187
2.2485187
2.0672328
1.776605
1.3764514
1.0012987
0.7425203
0.578682
0.5233345
0.5037409
0.48707762
0.47732008
0.48012957
0.4815959
0.4821318
0.48206058
0.48395407
0.48639792
0.48843786
0.4901584
0.49162304
0.49288017
0.49396694
model ('out_em4/out_8to4/5/weights(8)(4)_0.npy', 'out_em4/out_8to4/5/loss_train_(8)(4)_0.npy', 'out_em4/out_8to4/5/loss_val(8)(4)_0.npy', 'weights(8)(4)_0.npy') completed
3.8036408
2.2153597
2.0734422
1.8958678
1.6913519
1.4839725
1.1943451
0.9541007
0.77347875
0.64155483
0.54153156
0.46224573
0.3972639
0.36748463
0.34154224
0.31857863
0.30037326
0.28986433
0.28070942
0.27980974
0.28249818
0.2853778
0.29026395
0.29811522
0.30650842
model ('out_em4/out_8to4/5/weights(8)(4)_1.npy', 'out_em4/out_8to4/5/loss_train_(8)(4)_1.npy', 'out_em4/out_8to4/5/loss_val(8)(4)_1.npy', 'weights(8)(4)_1.npy') completed
2.1078072
3.0361335
2.8766744
2.6614761
2.365627
1.9602234
1.4789348
1.0689778
0.8006832
0.63288057
0.5207331
0.4710889
0.44226336
0.41733706
0.3955786
0.3845981
0.38811213
0.395055
0.40171245
0.4073729
0.41223127
0.41643614
0.4201022
0.4319828
0.44613272
model ('out_em4/out_8to4/5/weights(8)(4)_3.npy', 'out_em4/out_8to4/5/loss_train_(8)(4)_3.npy', 'out_em4/out_8to4/5/loss_val(8)(4)_3.npy', 'weights(8)(4)_3.npy') completed
2.484294
2.1351502
2.0247545
1.8805618
1.6903569
1.4528439
1.158802
0.8541682
0.7165664
0.62134504
0.5483015
0.48999006
0.47292194
0.46357903
0.46357918
0.47169092
0.4806899
0.48866138
0.49577925
0.50217825
0.50796473
0.5132245
0.51802754
0.5224317
0.5264852
model ('out_em4/out_8to4/5/weights(8)(4)_2.npy', 'out_em4/out_8to4/5/loss_train_(8)(4)_2.npy', 'out_em4/out_8to4/5/loss_val(8)(4)_2.npy', 'weights(8)(4)_2.npy') completed
2.5205798
2.7700553
2.6800077
2.5492702
2.4074206
2.128893
1.6683519
1.2083706
0.9143679
0.7477989
0.65275156
0.6003367
0.5752108
0.5665661
0.56476176
0.56235236
0.559613
0.55671436
0.5563858
0.5620961
0.56702375
0.5713052
0.5750487
0.5783404
0.5812503
model ('out_em4/out_8to5/5/weights(8)(3)_2.npy', 'out_em4/out_8to5/5/loss_train_(8)(3)_2.npy', 'out_em4/out_8to5/5/loss_val(8)(3)_2.npy', 'weights(8)(3)_2.npy') completed
4.5733967
3.6307502
3.5475328
3.3999732
3.1547987
2.732435
2.101708
1.4604495
1.007432
0.8202292
0.71743476
0.6775013
0.65464926
0.6522511
0.6595913
0.67505956
0.68870616
0.70084405
0.71171594
0.7215133
0.7303899
0.7526971
0.774354
0.79409826
0.8121754
model ('out_em4/out_8to5/5/weights(8)(3)_0.npy', 'out_em4/out_8to5/5/loss_train_(8)(3)_0.npy', 'out_em4/out_8to5/5/loss_val(8)(3)_0.npy', 'weights(8)(3)_0.npy') completed
5.775815
3.9187312
3.8361578
3.6827557
3.4173176
2.945281
2.2686367
1.5912662
1.1067772
0.7986275
0.6223049
0.55182314
0.51120925
0.4966476
0.5048584
0.5104804
0.529092
0.5450765
0.5589679
0.5711608
0.5819544
0.59158
0.6002196
0.608019
0.615096
model ('out_em4/out_8to5/5/weights(8)(3)_1.npy', 'out_em4/out_8to5/5/loss_train_(8)(3)_1.npy', 'out_em4/out_8to5/5/loss_val(8)(3)_1.npy', 'weights(8)(3)_1.npy') completed
3.226194
3.5241618
3.4209645
3.2573383
2.9921286
2.5580208
1.9180932
1.2828894
0.8944834
0.7093986
0.6004206
0.5971727
0.6357159
0.66747916
0.69419354
0.7170193
0.736771
0.7540421
0.7692782
0.78282213
0.7949422
0.81363934
0.83164185
0.8479368
0.8627567
model ('out_em4/out_8to5/5/weights(8)(3)_3.npy', 'out_em4/out_8to5/5/loss_train_(8)(3)_3.npy', 'out_em4/out_8to5/5/loss_val(8)(3)_3.npy', 'weights(8)(3)_3.npy') completed
2.0864851
3.7719116
3.6767025
3.5123186
3.2482398
2.819682
2.21519
1.6251531
1.2322633
1.0173335
0.8986759
0.8114877
0.74387705
0.6894016
0.6442904
0.60616815
0.5734446
0.54500264
0.5200268
0.50103784
0.4904858
0.48731625
0.48460752
0.48227388
0.48024872
model ('out_em4/out_8to6/5/weights(8)(2)_3.npy', 'out_em4/out_8to6/5/loss_train_(8)(2)_3.npy', 'out_em4/out_8to6/5/loss_val(8)(2)_3.npy', 'weights(8)(2)_3.npy') completed
4.685973
3.7358594
3.6545475
3.5082774
3.2618947
2.839469
2.2083328
1.5660866
1.1011586
0.80351764
0.6766628
0.6019605
0.5930228
0.5937371
0.60498285
0.61396694
0.6212757
0.6273112
0.63235873
0.64388
0.66176176
0.67765146
0.6918622
0.7046446
0.7162018
model ('out_em4/out_8to6/5/weights(8)(2)_1.npy', 'out_em4/out_8to6/5/loss_train_(8)(2)_1.npy', 'out_em4/out_8to6/5/loss_val(8)(2)_1.npy', 'weights(8)(2)_1.npy') completed
5.9073424
3.7124603
3.638236
3.4999576
3.260114
2.834407
2.1932983
1.5769188
1.1294582
0.84242487
0.65842634
0.5463755
0.4802271
0.4542907
0.45038426
0.45047498
0.46235558
0.4725989
0.4815221
0.4893646
0.49631065
0.5025047
0.5080619
0.5130748
0.517619
model ('out_em4/out_8to6/5/weights(8)(2)_2.npy', 'out_em4/out_8to6/5/loss_train_(8)(2)_2.npy', 'out_em4/out_8to6/5/loss_val(8)(2)_2.npy', 'weights(8)(2)_2.npy') completed
6.282459
3.8628743
3.7798223
3.6288085
3.3673553
2.914832
2.259153
1.6351358
1.1820532
0.93822396
0.7819952
0.67054
0.587212
0.5224933
0.4712228
0.4658036
0.4622649
0.45916158
0.45641682
0.45397124
0.46827054
0.4932483
0.5170399
0.53878045
0.5587278
model ('out_em4/out_8to6/5/weights(8)(2)_0.npy', 'out_em4/out_8to6/5/loss_train_(8)(2)_0.npy', 'out_em4/out_8to6/5/loss_val(8)(2)_0.npy', 'weights(8)(2)_0.npy') completed
7.258777
0.60215104
0.5424824
0.48307437
0.4241828
0.36800557
0.33913788
0.34094945
0.34019703
0.3383879
0.33629254
0.33422053
0.33228374
0.33051464
0.32891393
0.32747003
0.32616776
0.32499123
0.32392567
0.32295784
0.32207605
0.3212702
0.3205315
0.32110664
0.322054
model ('out_em4/out_8to7/5/weights(8)(1)_2.npy', 'out_em4/out_8to7/5/loss_train_(8)(1)_2.npy', 'out_em4/out_8to7/5/loss_val(8)(1)_2.npy', 'weights(8)(1)_2.npy') completed
7.3097935
0.13301122
0.12700419
0.118885115
0.10716011
0.11247751
0.13381785
0.15739486
0.17191379
0.18006834
0.18480588
0.18773314
0.18964447
0.19094722
0.1918644
0.19252595
0.19301182
0.19337344
0.193645
0.1938501
0.19400537
0.19412272
0.19421092
0.19427648
0.19432433
model ('out_em4/out_8to7/5/weights(8)(1)_0.npy', 'out_em4/out_8to7/5/loss_train_(8)(1)_0.npy', 'out_em4/out_8to7/5/loss_val(8)(1)_0.npy', 'weights(8)(1)_0.npy') completed
5.9722137
0.793677
0.71836144
0.6312012
0.529767
0.41145396
0.37528208
0.40482754
0.44381925
0.46057138
0.46692657
0.46861663
0.46817815
0.46676365
0.4649221
0.4629255
0.46091163
0.4589504
0.45707577
0.4553025
0.4536349
0.4520715
0.45060807
0.4504739
0.45204455
model ('out_em4/out_8to7/5/weights(8)(1)_1.npy', 'out_em4/out_8to7/5/loss_train_(8)(1)_1.npy', 'out_em4/out_8to7/5/loss_val(8)(1)_1.npy', 'weights(8)(1)_1.npy') completed
6.997331
0.49229878
0.48260522
0.47050056
0.45437655
0.42971042
0.396506
0.36224622
0.34828642
0.34789962
0.34717518
0.34637183
0.34558344
0.34484237
0.34415755
0.34352902
0.3429532
0.34242576
0.34194198
0.3414973
0.3410877
0.34070954
0.34035957
0.34003493
0.33973315
model ('out_em4/out_8to7/5/weights(8)(1)_3.npy', 'out_em4/out_8to7/5/loss_train_(8)(1)_3.npy', 'out_em4/out_8to7/5/loss_val(8)(1)_3.npy', 'weights(8)(1)_3.npy') completed
job finished
